
> spliit2@0.1.0 dev
> next dev

 ⚠ Port 3000 is in use, trying 3001 instead.
  ▲ Next.js 14.2.28
  - Local:        http://localhost:3001
  - Environments: .env.local, .env

 ✓ Starting...
 ✓ Ready in 15.1s
[?25h
